yarn run v1.22.19
warning package.json: No license field
$ vite

  VITE v6.4.2  ready in 1137 ms

  ➜  Local:   http://localhost:5183/
  ➜  Network: use --host to expose
5:36:47 PM [vite] (client) page reload src/lib/ts/utilities/Saving.ts
5:36:51 PM [vite] (client) page reload src/lib/ts/utilities/Labels.ts
5:37:06 PM [vite] (client) page reload src/lib/ts/managers/Files.ts
5:37:10 PM [vite] (client) page reload src/lib/ts/managers/Files.ts
5:37:19 PM [vite] (client) page reload src/lib/ts/managers/Files.ts
5:37:23 PM [vite] (client) page reload src/lib/ts/managers/Files.ts
5:37:26 PM [vite] (client) page reload src/lib/ts/managers/Files.ts
5:37:29 PM [vite] (client) page reload src/lib/ts/managers/Files.ts
5:37:32 PM [vite] (client) page reload src/lib/ts/managers/Files.ts
5:37:37 PM [vite] (client) page reload src/lib/ts/managers/Files.ts
5:37:48 PM [vite] (client) hmr update /src/lib/svelte/filter/Edit_Filters.svelte
5:37:53 PM [vite] (client) hmr update /src/lib/svelte/content/Edit_Markdown.svelte
5:47:18 PM [vite] (client) page reload src/lib/ts/utilities/Labels.ts
5:47:22 PM [vite] (client) page reload src/lib/ts/utilities/Labels.ts
5:47:49 PM [vite] (client) hmr update /src/lib/svelte/filter/Edit_Filters.svelte
5:52:43 PM [vite] ../tools/hub/ports.json changed, restarting server...
5:52:44 PM [vite] server restarted.
6:18:37 PM [vite] (client) page reload src/lib/ts/utilities/Saving.ts
6:19:25 PM [vite] (client) page reload src/lib/ts/utilities/Labels.ts
6:19:57 PM [vite] (client) page reload src/lib/ts/managers/Files.ts
6:20:10 PM [vite] (client) page reload src/lib/ts/managers/Files.ts
6:20:46 PM [vite] (client) page reload src/lib/ts/managers/Files.ts
6:20:56 PM [vite] (client) page reload src/lib/ts/managers/Files.ts
6:20:59 PM [vite] (client) page reload src/lib/ts/managers/Files.ts
6:21:04 PM [vite] (client) page reload src/lib/ts/managers/Files.ts
6:21:06 PM [vite] (client) page reload src/lib/ts/managers/Files.ts
6:21:08 PM [vite] (client) page reload src/lib/ts/managers/Files.ts
6:21:25 PM [vite] (client) hmr update /src/lib/svelte/filter/Edit_Filters.svelte
6:21:29 PM [vite] (client) hmr update /src/lib/svelte/filter/Edit_Filters.svelte
6:21:31 PM [vite] (client) hmr update /src/lib/svelte/content/Edit_Markdown.svelte
6:21:32 PM [vite] (client) hmr update /src/lib/svelte/content/Edit_Markdown.svelte
6:52:46 PM [vite] (client) page reload src/lib/ts/utilities/Saving.ts
6:52:50 PM [vite] (client) page reload src/lib/ts/utilities/Saving.ts
6:52:53 PM [vite] (client) page reload src/lib/ts/types/File.ts
6:53:57 PM [vite] (client) page reload src/lib/ts/managers/Files.ts
6:54:00 PM [vite] (client) page reload src/lib/ts/managers/Files.ts
6:54:04 PM [vite] (client) page reload src/lib/ts/managers/Files.ts
6:54:09 PM [vite] (client) page reload src/lib/ts/managers/Files.ts
6:54:10 PM [vite] (client) warning: Duplicate member "labels_in_db" in class body
851|  	 * the db holds nothing for is unlabeled, its name its title, whatever its own top says.
852|  	 */
853|  	private labels_in_db(guide: File): { labels: Labels; tags: string[] } {
   |           ^
854|  		const known = this.fields_in_db.get(file_path_of(guide.bundle, guide.path));
855|  		const { kind, tags } = this.kind_and_tags_in_db(guide);

  Plugin: vite:esbuild
  File: /Users/sand/GitHub/mono/ov/src/lib/ts/managers/Files.ts
6:54:13 PM [vite] (client) hmr update /src/lib/svelte/content/List_Files.svelte, /src/lib/svelte/main/Browse.svelte
6:54:14 PM [vite] (client) hmr update /src/lib/svelte/content/List_Files.svelte, /src/lib/svelte/main/Browse.svelte
6:54:16 PM [vite] (client) hmr update /src/lib/svelte/content/List_Files.svelte, /src/lib/svelte/main/Browse.svelte
6:54:18 PM [vite] (client) hmr update /src/lib/svelte/content/List_Files.svelte?svelte&type=style&lang.css
6:55:19 PM [vite] (client) page reload src/lib/ts/managers/Files.ts
6:55:20 PM [vite] (client) warning: Duplicate member "labels_in_db" in class body
851|  	 * the db holds nothing for is unlabeled, its name its title, whatever its own top says.
852|  	 */
853|  	private labels_in_db(guide: File): { labels: Labels; tags: string[] } {
   |           ^
854|  		const known = this.fields_in_db.get(file_path_of(guide.bundle, guide.path));
855|  		const { kind, tags } = this.kind_and_tags_in_db(guide);

  Plugin: vite:esbuild
  File: /Users/sand/GitHub/mono/ov/src/lib/ts/managers/Files.ts
6:55:20 PM [vite] (client) warning: Duplicate member "labels_in_db" in class body
851|  	 * the db holds nothing for is unlabeled, its name its title, whatever its own top says.
852|  	 */
853|  	private labels_in_db(guide: File): { labels: Labels; tags: string[] } {
   |           ^
854|  		const known = this.fields_in_db.get(file_path_of(guide.bundle, guide.path));
855|  		const { kind, tags } = this.kind_and_tags_in_db(guide);

  Plugin: vite:esbuild
  File: /Users/sand/GitHub/mono/ov/src/lib/ts/managers/Files.ts
6:55:21 PM [vite] (client) page reload src/lib/ts/managers/Files.ts
7:02:47 PM [vite] (client) page reload src/lib/ts/utilities/Saving.ts
7:02:50 PM [vite] (client) page reload src/lib/ts/managers/Files.ts
7:02:58 PM [vite] (client) page reload src/lib/ts/managers/Files.ts
7:03:00 PM [vite] (client) page reload src/lib/ts/managers/Files.ts
7:03:37 PM [vite] (client) hmr update /src/lib/svelte/filter/Edit_Filters.svelte
7:03:40 PM [vite] (client) hmr update /src/lib/svelte/filter/Edit_Filters.svelte
7:03:45 PM [vite] (client) hmr update /src/lib/svelte/filter/Edit_Filters.svelte
7:03:48 PM [vite] (client) hmr update /src/lib/svelte/filter/Edit_Filters.svelte
7:03:51 PM [vite] (client) hmr update /src/lib/svelte/filter/Edit_Filters.svelte
7:03:56 PM [vite] (client) hmr update /src/lib/svelte/filter/Edit_Filters.svelte
7:16:34 PM [vite] (client) page reload src/lib/ts/utilities/Saving.ts
7:16:37 PM [vite] ../tools/hub/ports.json changed, restarting server...
7:16:37 PM [vite] (client) Re-optimizing dependencies because lockfile has changed
7:16:38 PM [vite] server restarted.
7:17:34 PM [vite] (client) page reload /Users/sand/GitHub/mono/core/src/lib/ts/types/Details.ts
7:17:34 PM [vite] (client) hmr update /src/lib/svelte/main/Details.svelte
7:17:35 PM [vite] (client) hmr update /src/lib/svelte/main/Details.svelte
7:17:37 PM [vite] (client) hmr update /src/lib/svelte/main/Details.svelte
7:17:41 PM [vite] (client) hmr update /src/lib/svelte/main/Details.svelte
7:17:48 PM [vite] (client) hmr update /src/lib/svelte/main/Details.svelte
7:17:50 PM [vite] (client) hmr update /src/lib/svelte/main/Details.svelte
7:41:27 PM [vite] (client) page reload src/lib/ts/types/File.ts
9:38:24 PM [vite] ../tools/hub/ports.json changed, restarting server...
9:38:24 PM [vite] (client) Re-optimizing dependencies because lockfile has changed
9:38:24 PM [vite] server restarted.
