=== Path Validator ===

node:internal/modules/run_main:123
    triggerUncaughtException(
    ^
Error [ERR_MODULE_NOT_FOUND]: Cannot find module '/Users/sand/GitHub/mono/notes/tools/validate-paths.ts' imported from /Users/sand/GitHub/mono/
    at finalizeResolution (node:internal/modules/esm/resolve:283:11)
    at moduleResolve (node:internal/modules/esm/resolve:952:10)
    at defaultResolve (node:internal/modules/esm/resolve:1188:11)
    at nextResolve (node:internal/modules/esm/hooks:864:28)
    at resolveBase (file:///Users/sand/.npm/_npx/fd45a72a545557e9/node_modules/tsx/dist/esm/index.mjs?1775759079601:2:3744)
    at resolveDirectory (file:///Users/sand/.npm/_npx/fd45a72a545557e9/node_modules/tsx/dist/esm/index.mjs?1775759079601:2:4243)
    at resolveTsPaths (file:///Users/sand/.npm/_npx/fd45a72a545557e9/node_modules/tsx/dist/esm/index.mjs?1775759079601:2:4984)
    at resolve (file:///Users/sand/.npm/_npx/fd45a72a545557e9/node_modules/tsx/dist/esm/index.mjs?1775759079601:2:5361)
    at nextResolve (node:internal/modules/esm/hooks:864:28)
    at Hooks.resolve (node:internal/modules/esm/hooks:306:30) {
  code: 'ERR_MODULE_NOT_FOUND',
  url: 'file:///Users/sand/GitHub/mono/notes/tools/validate-paths.ts'
}

Node.js v20.19.5
FAILED (3s)

=== Workspace Integrity ===
yarn workspaces v1.22.19
{
  "designintuition": {
    "location": "di",
    "workspaceDependencies": [],
    "mismatchedWorkspaceDependencies": []
  },
  "webseriously": {
    "location": "ws",
    "workspaceDependencies": [],
    "mismatchedWorkspaceDependencies": []
  },
  "s3": {
    "location": "s3",
    "workspaceDependencies": [],
    "mismatchedWorkspaceDependencies": []
  }
}
Done in 0.03s.
(1s)

=== Build (ws) ===
yarn run v1.22.19
$ vite build
vite v4.5.14 building for production...
transforming...
11:24:42 AM [vite-plugin-svelte] /Users/sand/GitHub/mono/ws/src/lib/svelte/search/Search_Results.svelte:41:4 A11y: Non-interactive element <li> should not be assigned mouse or keyboard event listeners.
39:     {#key `${$w_separator_color}:::${$results_index}:::${$w_search_results_changed}`}
40:       {#each results as result, index}
41:         <li class:selected={$results_index === index} style='color: {result.color}'
            ^
42:           on:mousedown={(event) => handle_row_selected(event, index)}>
43:           <span>{@html highlightMatch(result.title)}</span>				</li>
11:24:42 AM [vite-plugin-svelte] /Users/sand/GitHub/mono/ws/src/lib/svelte/search/Search_Results.svelte:36:0 A11y: noninteractive element cannot have nonnegative tabIndex value
34: </script>
35: 
36: <div class='search-results'
    ^
37:   tabindex='0'>
38:   <ul bind:this={element}>
11:24:42 AM [vite-plugin-svelte] /Users/sand/GitHub/mono/ws/src/lib/svelte/main/BuildNotes.svelte:54:1 A11y: visible, non-interactive elements with an on:click event must be accompanied by a keyboard event handler. Consider whether an interactive element such as <button type="button"> or <a> might be more appropriate. See https://svelte.dev/docs/accessibility-warnings#a11y-click-events-have-key-events for more details.
52:   on:keydown = {u.ignore}
53:   on:click={() => $w_id_popupView = null}>
54:   <div class='notes-modal-content'
      ^
55:     style='background-color:{$w_background_color}'
56:     on:click|stopPropagation>
11:24:42 AM [vite-plugin-svelte] /Users/sand/GitHub/mono/ws/src/lib/svelte/main/BuildNotes.svelte:54:1 A11y: <div> with click handler must have an ARIA role
52:   on:keydown = {u.ignore}
53:   on:click={() => $w_id_popupView = null}>
54:   <div class='notes-modal-content'
      ^
55:     style='background-color:{$w_background_color}'
56:     on:click|stopPropagation>
11:24:42 AM [vite-plugin-svelte] /Users/sand/GitHub/mono/ws/src/lib/svelte/main/BuildNotes.svelte:50:0 A11y: <div> with keyup, keydown, click handlers must have an ARIA role
48: 
49: <svelte:document on:keydown={handle_key_down} />
50: <div class='notes-modal-overlay'
    ^
51:   on:keyup = {u.ignore}
52:   on:keydown = {u.ignore}
11:24:42 AM [vite-plugin-svelte] /Users/sand/GitHub/mono/ws/src/lib/svelte/main/Preview.svelte:62:2 A11y: visible, non-interactive elements with an on:click event must be accompanied by a keyboard event handler. Consider whether an interactive element such as <button type="button"> or <a> might be more appropriate. See https://svelte.dev/docs/accessibility-warnings#a11y-click-events-have-key-events for more details.
60:       <span class='title'>{$w_preview_filename}</span>
61:     </div>
62:     <div class='close-wrapper' on:click={dismiss_popup}>
        ^
63:       <Close_Button
64:         name='preview-close'
11:24:42 AM [vite-plugin-svelte] /Users/sand/GitHub/mono/ws/src/lib/svelte/main/Preview.svelte:62:2 A11y: <div> with click handler must have an ARIA role
60:       <span class='title'>{$w_preview_filename}</span>
61:     </div>
62:     <div class='close-wrapper' on:click={dismiss_popup}>
        ^
63:       <Close_Button
64:         name='preview-close'
11:24:42 AM [vite-plugin-svelte] /Users/sand/GitHub/mono/ws/src/lib/svelte/main/Preview.svelte:56:1 A11y: visible, non-interactive elements with an on:click event must be accompanied by a keyboard event handler. Consider whether an interactive element such as <button type="button"> or <a> might be more appropriate. See https://svelte.dev/docs/accessibility-warnings#a11y-click-events-have-key-events for more details.
54:   on:keydown={u.ignore}
55:   on:click={dismiss_popup}>
56:   <div class='preview-content'
      ^
57:     style='background-color:{$w_background_color}'
58:     on:click|stopPropagation>
11:24:42 AM [vite-plugin-svelte] /Users/sand/GitHub/mono/ws/src/lib/svelte/main/Preview.svelte:56:1 A11y: <div> with click handler must have an ARIA role
54:   on:keydown={u.ignore}
55:   on:click={dismiss_popup}>
56:   <div class='preview-content'
      ^
57:     style='background-color:{$w_background_color}'
58:     on:click|stopPropagation>
11:24:42 AM [vite-plugin-svelte] /Users/sand/GitHub/mono/ws/src/lib/svelte/main/Preview.svelte:52:0 A11y: <div> with keyup, keydown, click handlers must have an ARIA role
50: <svelte:document on:keydown={handleKeydown}/>
51: 
52: <div class='preview-overlay'
    ^
53:   on:keyup={u.ignore}
54:   on:keydown={u.ignore}
11:24:43 AM [vite-plugin-svelte] /Users/sand/GitHub/mono/ws/src/lib/svelte/mouse/Clickable_Label.svelte:12:0 A11y: visible, non-interactive elements with an on:click event must be accompanied by a keyboard event handler. Consider whether an interactive element such as <button type="button"> or <a> might be more appropriate. See https://svelte.dev/docs/accessibility-warnings#a11y-click-events-have-key-events for more details.
10: </script>
11: 
12: <a
    ^
13:   on:click={handle_mouseUp}
14:   style='
11:24:43 AM [vite-plugin-svelte] /Users/sand/GitHub/mono/ws/src/lib/svelte/mouse/Clickable_Label.svelte:12:0 A11y: <a> with click handler must have an ARIA role
10: </script>
11: 
12: <a
    ^
13:   on:click={handle_mouseUp}
14:   style='
11:24:43 AM [vite-plugin-svelte] /Users/sand/GitHub/mono/ws/src/lib/svelte/mouse/Clickable_Label.svelte:12:0 A11y: <a> element should have an href attribute
10: </script>
11: 
12: <a
    ^
13:   on:click={handle_mouseUp}
14:   style='
11:24:43 AM [vite-plugin-svelte] /Users/sand/GitHub/mono/ws/src/lib/svelte/mouse/Glows_Banner.svelte:7:11 Glows_Banner has unused export property 'isSelected'. If it is for external reference only, please consider using `export const isSelected`
 5: export let toggle_hidden;
 6: export let font_size = k.font_size.details;
 7: export let isSelected = false;
               ^
 8: export let banner_id = k.empty;
 9: export let titles;
DEPRECATION WARNING [legacy-js-api]: The legacy JS API is deprecated and will be removed in Dart Sass 2.0.0.

More info: https://sass-lang.com/d/legacy-js-api

11:24:44 AM [vite-plugin-svelte] /Users/sand/GitHub/mono/ws/src/lib/svelte/widget/Widget.svelte:181:1 A11y: <div> with keyup, keydown handlers must have an ARIA role
179: 
180: {#if s_widget}
181:   <div class='widget'
       ^
182:     id={s_component.id}
183:     bind:this={element}
11:24:44 AM [vite-plugin-svelte] /Users/sand/GitHub/mono/ws/src/lib/svelte/mouse/Glow_Button.svelte:11:11 Glow_Button has unused export property 'name'. If it is for external reference only, please consider using `export const name`
 9: export let banner_id = k.empty;
10: export let title = k.empty;
11: export let name = k.empty;
               ^
12: export let height;
13: export let width;
DEPRECATION WARNING [legacy-js-api]: The legacy JS API is deprecated and will be removed in Dart Sass 2.0.0.

More info: https://sass-lang.com/d/legacy-js-api

11:24:45 AM [vite-plugin-svelte] /Users/sand/GitHub/mono/ws/src/lib/svelte/text/Curved_Text.svelte:7:11 Curved_Text has unused export property 'center_ofArc'. If it is for external reference only, please consider using `export const center_ofArc`
 5: export let font_family = $w_thing_fontFamily;
 6: export let g_cluster_pager;
 7: export let center_ofArc = Point.zero;
               ^
 8: export let zindex = T_Layer.text;
 9: export let text = k.space;
✓ 857 modules transformed.
rendering chunks...
computing gzip size...
dist/index.html                     0.54 kB │ gzip:   0.36 kB
dist/assets/seriously-icon.png    483.51 kB
dist/assets/index.css              19.14 kB │ gzip:   4.35 kB
dist/assets/index.js            2,197.09 kB │ gzip: 433.36 kB │ map: 3,643.03 kB
✓ built in 9.27s
Done in 10.30s.
(10s)

=== Build (di) ===
yarn run v1.22.19
$ vite build
vite v6.4.1 building for production...
transforming...
✓ 261 modules transformed.
[plugin vite:reporter] 
(!) /Users/sand/GitHub/mono/di/src/assets/cabinetry/drawer.di?raw is dynamically imported by /Users/sand/GitHub/mono/di/src/lib/ts/managers/Scenes.ts but also statically imported by /Users/sand/GitHub/mono/di/src/lib/ts/managers/Scenes.ts, dynamic import will not move module into another chunk.

[plugin vite:reporter] 
(!) /Users/sand/GitHub/mono/di/src/assets/cabinetry/three drawer cabinet.di?raw is dynamically imported by /Users/sand/GitHub/mono/di/src/lib/ts/managers/Scenes.ts but also statically imported by /Users/sand/GitHub/mono/di/src/lib/ts/managers/Scenes.ts, dynamic import will not move module into another chunk.

[plugin vite:reporter] 
(!) /Users/sand/GitHub/mono/di/src/assets/cabinetry/two drawer cabinet.di?raw is dynamically imported by /Users/sand/GitHub/mono/di/src/lib/ts/managers/Scenes.ts but also statically imported by /Users/sand/GitHub/mono/di/src/lib/ts/managers/Scenes.ts, dynamic import will not move module into another chunk.

[plugin vite:reporter] 
(!) /Users/sand/GitHub/mono/di/src/assets/debug/dead simple.di?raw is dynamically imported by /Users/sand/GitHub/mono/di/src/lib/ts/managers/Scenes.ts but also statically imported by /Users/sand/GitHub/mono/di/src/lib/ts/managers/Scenes.ts, dynamic import will not move module into another chunk.

[plugin vite:reporter] 
(!) /Users/sand/GitHub/mono/di/src/assets/debug/empty.di?raw is dynamically imported by /Users/sand/GitHub/mono/di/src/lib/ts/managers/Scenes.ts but also statically imported by /Users/sand/GitHub/mono/di/src/lib/ts/managers/Scenes.ts, dynamic import will not move module into another chunk.

[plugin vite:reporter] 
(!) /Users/sand/GitHub/mono/di/src/assets/debug/kubes.di?raw is dynamically imported by /Users/sand/GitHub/mono/di/src/lib/ts/managers/Scenes.ts but also statically imported by /Users/sand/GitHub/mono/di/src/lib/ts/managers/Scenes.ts, dynamic import will not move module into another chunk.

[plugin vite:reporter] 
(!) /Users/sand/GitHub/mono/di/src/assets/debug/rotated stairs.di?raw is dynamically imported by /Users/sand/GitHub/mono/di/src/lib/ts/managers/Scenes.ts but also statically imported by /Users/sand/GitHub/mono/di/src/lib/ts/managers/Scenes.ts, dynamic import will not move module into another chunk.

[plugin vite:reporter] 
(!) /Users/sand/GitHub/mono/di/src/assets/debug/sphere four.di?raw is dynamically imported by /Users/sand/GitHub/mono/di/src/lib/ts/managers/Scenes.ts but also statically imported by /Users/sand/GitHub/mono/di/src/lib/ts/managers/Scenes.ts, dynamic import will not move module into another chunk.

[plugin vite:reporter] 
(!) /Users/sand/GitHub/mono/di/src/assets/debug/sphere one.di?raw is dynamically imported by /Users/sand/GitHub/mono/di/src/lib/ts/managers/Scenes.ts but also statically imported by /Users/sand/GitHub/mono/di/src/lib/ts/managers/Scenes.ts, dynamic import will not move module into another chunk.

[plugin vite:reporter] 
(!) /Users/sand/GitHub/mono/di/src/assets/debug/sphere three.di?raw is dynamically imported by /Users/sand/GitHub/mono/di/src/lib/ts/managers/Scenes.ts but also statically imported by /Users/sand/GitHub/mono/di/src/lib/ts/managers/Scenes.ts, dynamic import will not move module into another chunk.

[plugin vite:reporter] 
(!) /Users/sand/GitHub/mono/di/src/assets/debug/sphere two.di?raw is dynamically imported by /Users/sand/GitHub/mono/di/src/lib/ts/managers/Scenes.ts but also statically imported by /Users/sand/GitHub/mono/di/src/lib/ts/managers/Scenes.ts, dynamic import will not move module into another chunk.

[plugin vite:reporter] 
(!) /Users/sand/GitHub/mono/di/src/assets/debug/wacka.di?raw is dynamically imported by /Users/sand/GitHub/mono/di/src/lib/ts/managers/Scenes.ts but also statically imported by /Users/sand/GitHub/mono/di/src/lib/ts/managers/Scenes.ts, dynamic import will not move module into another chunk.

[plugin vite:reporter] 
(!) /Users/sand/GitHub/mono/di/src/assets/home/basement.di?raw is dynamically imported by /Users/sand/GitHub/mono/di/src/lib/ts/managers/Scenes.ts but also statically imported by /Users/sand/GitHub/mono/di/src/lib/ts/managers/Scenes.ts, dynamic import will not move module into another chunk.

[plugin vite:reporter] 
(!) /Users/sand/GitHub/mono/di/src/assets/home/floor.di?raw is dynamically imported by /Users/sand/GitHub/mono/di/src/lib/ts/managers/Scenes.ts but also statically imported by /Users/sand/GitHub/mono/di/src/lib/ts/managers/Scenes.ts, dynamic import will not move module into another chunk.

[plugin vite:reporter] 
(!) /Users/sand/GitHub/mono/di/src/assets/home/room.di?raw is dynamically imported by /Users/sand/GitHub/mono/di/src/lib/ts/managers/Scenes.ts but also statically imported by /Users/sand/GitHub/mono/di/src/lib/ts/managers/Scenes.ts, dynamic import will not move module into another chunk.

[plugin vite:reporter] 
(!) /Users/sand/GitHub/mono/di/src/assets/home/stairs with stringers.di?raw is dynamically imported by /Users/sand/GitHub/mono/di/src/lib/ts/managers/Scenes.ts but also statically imported by /Users/sand/GitHub/mono/di/src/lib/ts/managers/Scenes.ts, dynamic import will not move module into another chunk.

[plugin vite:reporter] 
(!) /Users/sand/GitHub/mono/di/src/assets/home/stairs.di?raw is dynamically imported by /Users/sand/GitHub/mono/di/src/lib/ts/managers/Scenes.ts but also statically imported by /Users/sand/GitHub/mono/di/src/lib/ts/managers/Scenes.ts, dynamic import will not move module into another chunk.

[plugin vite:reporter] 
(!) /Users/sand/GitHub/mono/di/src/assets/home/wall.di?raw is dynamically imported by /Users/sand/GitHub/mono/di/src/lib/ts/managers/Scenes.ts but also statically imported by /Users/sand/GitHub/mono/di/src/lib/ts/managers/Scenes.ts, dynamic import will not move module into another chunk.

rendering chunks...
computing gzip size...
dist/index.html                   0.45 kB │ gzip:   0.32 kB
dist/assets/best-CGZzZHEb.ico   269.34 kB
dist/assets/index-CIZSHhP5.css   38.95 kB │ gzip:   6.01 kB
dist/assets/index-BmRSx97p.js   647.07 kB │ gzip: 157.02 kB

(!) Some chunks are larger than 500 kB after minification. Consider:
- Using dynamic import() to code-split the application
- Use build.rollupOptions.output.manualChunks to improve chunking: https://rollupjs.org/configuration-options/#output-manualchunks
- Adjust chunk size limit for this warning via build.chunkSizeWarningLimit.
✓ built in 2.70s
Done in 3.66s.
(4s)

