yarn run v1.22.19
$ vitepress dev
✘ [ERROR] Could not resolve "../notes/tools/hub/ports.json"

    .vitepress/config.mts:3:18:
      3 │ import ports from '../notes/tools/hub/ports.json'
        ╵                   ~~~~~~~~~~~~~~~~~~~~~~~~~~~~~~~

✘ [ERROR] Could not resolve "../notes/tools/hub/ports.json"

    .vitepress/markdown-it-cross-project.mts:13:18:
      13 │ import ports from '../notes/tools/hub/ports.json'
         ╵                   ~~~~~~~~~~~~~~~~~~~~~~~~~~~~~~~

failed to load config from /Users/sand/GitHub/mono/.vitepress/config.mts
failed to start server. error:
Build failed with 2 errors:
.vitepress/config.mts:3:18: ERROR: Could not resolve "../notes/tools/hub/ports.json"
.vitepress/markdown-it-cross-project.mts:13:18: ERROR: Could not resolve "../notes/tools/hub/ports.json"
Error: Build failed with 2 errors:
.vitepress/config.mts:3:18: ERROR: Could not resolve "../notes/tools/hub/ports.json"
.vitepress/markdown-it-cross-project.mts:13:18: ERROR: Could not resolve "../notes/tools/hub/ports.json"
    at failureErrorWithLog (/Users/sand/GitHub/mono/node_modules/vitepress/node_modules/esbuild/lib/main.js:1472:15)
    at /Users/sand/GitHub/mono/node_modules/vitepress/node_modules/esbuild/lib/main.js:945:25
    at runOnEndCallbacks (/Users/sand/GitHub/mono/node_modules/vitepress/node_modules/esbuild/lib/main.js:1315:45)
    at buildResponseToResult (/Users/sand/GitHub/mono/node_modules/vitepress/node_modules/esbuild/lib/main.js:943:7)
    at /Users/sand/GitHub/mono/node_modules/vitepress/node_modules/esbuild/lib/main.js:970:16
    at responseCallbacks.<computed> (/Users/sand/GitHub/mono/node_modules/vitepress/node_modules/esbuild/lib/main.js:622:9)
    at handleIncomingPacket (/Users/sand/GitHub/mono/node_modules/vitepress/node_modules/esbuild/lib/main.js:677:12)
    at Socket.readFromStdout (/Users/sand/GitHub/mono/node_modules/vitepress/node_modules/esbuild/lib/main.js:600:7)
    at Socket.emit (node:events:524:28)
    at addChunk (node:internal/streams/readable:561:12)
error Command failed with exit code 1.
info Visit https://yarnpkg.com/en/docs/cli/run for documentation about this command.
