yarn run v1.22.19
$ vite
8:31:46 PM [vite] (client) Re-optimizing dependencies because lockfile has changed

  VITE v6.4.2  ready in 1152 ms

  ➜  Local:   http://localhost:5179/
  ➜  Network: use --host to expose
1:18:08 PM [vite] (client) page reload /Users/sand/GitHub/mono/core/src/lib/ts/common/Configuration.ts
1:18:17 PM [vite] (client) page reload src/lib/ts/Main.ts
12:30:57 PM [vite] (client) hmr update /src/lib/svelte/Sidebar.svelte, /src/lib/svelte/Main.svelte, /src/lib/svelte/Gallery.svelte, /src/lib/svelte/Edit.svelte
12:31:22 PM [vite] (client) page reload /Users/sand/GitHub/mono/core/src/lib/ts/utilities/index.ts
12:31:26 PM [vite] (client) page reload src/lib/ts/common/Core.ts
caption: the vineyard is now shown in the order of 11 names
12:44:40 PM [vite] (client) hmr update /src/lib/svelte/Renderer.svelte, /src/lib/svelte/StatusLine.svelte, /src/lib/svelte/Sidebar.svelte
12:47:28 PM [vite] (client) hmr update /src/lib/svelte/Renderer.svelte, /src/lib/svelte/StatusLine.svelte, /src/lib/svelte/Sidebar.svelte
12:57:22 PM [vite] (client) hmr update /src/lib/svelte/Main.svelte
12:57:22 PM [vite] (client) hmr update /src/lib/svelte/Gallery.svelte
12:57:22 PM [vite] (client) hmr update /src/lib/svelte/Sidebar.svelte
12:57:22 PM [vite] (client) hmr update /src/lib/svelte/Renderer.svelte
12:57:22 PM [vite] (client) hmr update /src/lib/svelte/Edit.svelte
12:57:22 PM [vite] (client) hmr update /src/lib/svelte/StatusLine.svelte
12:57:22 PM [vite] src/lib/ts/utilities/Gallery.ts changed, restarting server...
12:57:22 PM [vite] (client) page reload src/lib/ts/utilities/Sidebar_Content.ts
12:57:22 PM [vite] (client) page reload src/lib/ts/utilities/Router.svelte.ts
12:57:22 PM [vite] (client) page reload src/lib/ts/utilities/S_Sidebar.svelte.ts
12:57:22 PM [vite] (client) page reload src/lib/ts/utilities/Resolver.ts
12:57:22 PM [vite] (client) page reload src/lib/ts/utilities/Loader.ts
12:57:22 PM [vite] (client) page reload src/lib/ts/utilities/Parser.ts
12:57:22 PM [vite] src/lib/ts/utilities/Order.ts changed, restarting server...
12:57:22 PM [vite] (client) page reload src/lib/ts/utilities/Icons.ts
12:57:22 PM [vite] (client) page reload src/lib/ts/utilities/Technical.svelte.ts
12:57:22 PM [vite] (client) page reload src/lib/ts/utilities/Persistence.ts
12:57:22 PM [vite] plugins/movie-title.ts changed, restarting server...
12:57:22 PM [vite] plugins/photo-titles.ts changed, restarting server...
12:57:22 PM [vite] plugins/stamp.ts changed, restarting server...
12:57:22 PM [vite] plugins/caption-drop.ts changed, restarting server...
12:57:22 PM [vite] (client) hmr update /src/css/Main.css
✘ [ERROR] Could not resolve "./plugins/photo-titles"

    vite.config.ts:2:28:
      2 │ import { photoTitles } from './plugins/photo-titles';
        ╵                             ~~~~~~~~~~~~~~~~~~~~~~~~

✘ [ERROR] Could not resolve "./plugins/caption-drop"

    vite.config.ts:3:28:
      3 │ import { captionDrop } from './plugins/caption-drop';
        ╵                             ~~~~~~~~~~~~~~~~~~~~~~~~

failed to load config from /Users/sand/GitHub/mono/lv/vite.config.ts
12:57:22 PM [vite] Build failed with 2 errors:
vite.config.ts:2:28: ERROR: Could not resolve "./plugins/photo-titles"
vite.config.ts:3:28: ERROR: Could not resolve "./plugins/caption-drop"
12:57:22 PM [vite] server restart failed
12:57:24 PM [vite] changed tsconfig file detected: /Users/sand/GitHub/mono/lv/tsconfig.json - Clearing cache and forcing full-reload to ensure TypeScript is compiled with updated config values.
12:57:25 PM [vite] changed tsconfig file detected: /Users/sand/GitHub/mono/lv/tsconfig.json - Clearing cache and forcing full-reload to ensure TypeScript is compiled with updated config values.
12:57:31 PM [vite] vite.config.ts changed, restarting server...
12:57:31 PM [vite] (client) Re-optimizing dependencies because vite config has changed
12:57:31 PM [vite] server restarted.
12:58:12 PM [vite] (client) ✨ new dependencies optimized: rehype-stringify, remark-frontmatter, remark-callout, remark-parse, remark-rehype, unified
12:58:12 PM [vite] (client) ✨ optimized dependencies changed. reloading
1:02:38 PM [vite] (client) hmr update /@fs/Users/sand/GitHub/mono/gallery/src/lib/svelte/Renderer.svelte, /@fs/Users/sand/GitHub/mono/gallery/src/lib/svelte/StatusLine.svelte, /@fs/Users/sand/GitHub/mono/gallery/src/lib/svelte/Sidebar.svelte
1:02:38 PM [vite] (client) hmr update /@fs/Users/sand/GitHub/mono/gallery/src/lib/svelte/Renderer.svelte, /@fs/Users/sand/GitHub/mono/gallery/src/lib/svelte/Sidebar.svelte
1:02:38 PM [vite] ../gallery/plugins/caption-drop.ts changed, restarting server...
1:02:39 PM [vite] server restarted.
2:56:22 PM [vite] ../gallery/src/lib/ts/utilities/Order.ts changed, restarting server...
2:56:22 PM [vite] server restarted.
