yarn run v1.22.19
$ vite

  VITE v4.5.14  ready in 2616 ms

  ➜  Local:   http://localhost:5173/
  ➜  Network: http://10.0.0.235:5173/
  ➜  Network: http://169.254.41.229:5173/
  ➜  Network: http://10.0.0.12:5173/
5:44:35 PM [vite-plugin-svelte] /Users/sand/GitHub/mono/ws/src/lib/svelte/main/BuildNotes.svelte:54:1 A11y: visible, non-interactive elements with an on:click event must be accompanied by a keyboard event handler. Consider whether an interactive element such as <button type="button"> or <a> might be more appropriate. See https://svelte.dev/docs/accessibility-warnings#a11y-click-events-have-key-events for more details.
5:44:35 PM [vite-plugin-svelte] /Users/sand/GitHub/mono/ws/src/lib/svelte/main/BuildNotes.svelte:54:1 A11y: <div> with click handler must have an ARIA role
5:44:35 PM [vite-plugin-svelte] /Users/sand/GitHub/mono/ws/src/lib/svelte/main/BuildNotes.svelte:50:0 A11y: <div> with keyup, keydown, click handlers must have an ARIA role
5:44:36 PM [vite-plugin-svelte] /Users/sand/GitHub/mono/ws/src/lib/svelte/search/Search_Results.svelte:41:4 A11y: Non-interactive element <li> should not be assigned mouse or keyboard event listeners.
5:44:36 PM [vite-plugin-svelte] /Users/sand/GitHub/mono/ws/src/lib/svelte/search/Search_Results.svelte:36:0 A11y: noninteractive element cannot have nonnegative tabIndex value
5:44:37 PM [vite-plugin-svelte] /Users/sand/GitHub/mono/ws/src/lib/svelte/main/Preview.svelte:62:2 A11y: visible, non-interactive elements with an on:click event must be accompanied by a keyboard event handler. Consider whether an interactive element such as <button type="button"> or <a> might be more appropriate. See https://svelte.dev/docs/accessibility-warnings#a11y-click-events-have-key-events for more details.
5:44:37 PM [vite-plugin-svelte] /Users/sand/GitHub/mono/ws/src/lib/svelte/main/Preview.svelte:62:2 A11y: <div> with click handler must have an ARIA role
5:44:37 PM [vite-plugin-svelte] /Users/sand/GitHub/mono/ws/src/lib/svelte/main/Preview.svelte:56:1 A11y: visible, non-interactive elements with an on:click event must be accompanied by a keyboard event handler. Consider whether an interactive element such as <button type="button"> or <a> might be more appropriate. See https://svelte.dev/docs/accessibility-warnings#a11y-click-events-have-key-events for more details.
5:44:37 PM [vite-plugin-svelte] /Users/sand/GitHub/mono/ws/src/lib/svelte/main/Preview.svelte:56:1 A11y: <div> with click handler must have an ARIA role
5:44:37 PM [vite-plugin-svelte] /Users/sand/GitHub/mono/ws/src/lib/svelte/main/Preview.svelte:52:0 A11y: <div> with keyup, keydown, click handlers must have an ARIA role
5:44:44 PM [vite-plugin-svelte] /Users/sand/GitHub/mono/ws/src/lib/svelte/mouse/Glows_Banner.svelte:7:11 Glows_Banner has unused export property 'isSelected'. If it is for external reference only, please consider using `export const isSelected`
5:44:45 PM [vite-plugin-svelte] /Users/sand/GitHub/mono/ws/src/lib/svelte/mouse/Clickable_Label.svelte:12:0 A11y: visible, non-interactive elements with an on:click event must be accompanied by a keyboard event handler. Consider whether an interactive element such as <button type="button"> or <a> might be more appropriate. See https://svelte.dev/docs/accessibility-warnings#a11y-click-events-have-key-events for more details.
5:44:45 PM [vite-plugin-svelte] /Users/sand/GitHub/mono/ws/src/lib/svelte/mouse/Clickable_Label.svelte:12:0 A11y: <a> with click handler must have an ARIA role
5:44:45 PM [vite-plugin-svelte] /Users/sand/GitHub/mono/ws/src/lib/svelte/mouse/Clickable_Label.svelte:12:0 A11y: <a> element should have an href attribute
5:44:46 PM [vite-plugin-svelte] /Users/sand/GitHub/mono/ws/src/lib/svelte/widget/Widget.svelte:181:1 A11y: <div> with keyup, keydown handlers must have an ARIA role
DEPRECATION WARNING [legacy-js-api]: The legacy JS API is deprecated and will be removed in Dart Sass 2.0.0.

More info: https://sass-lang.com/d/legacy-js-api

5:44:48 PM [vite-plugin-svelte] /Users/sand/GitHub/mono/ws/src/lib/svelte/mouse/Glow_Button.svelte:11:11 Glow_Button has unused export property 'name'. If it is for external reference only, please consider using `export const name`
DEPRECATION WARNING [legacy-js-api]: The legacy JS API is deprecated and will be removed in Dart Sass 2.0.0.

More info: https://sass-lang.com/d/legacy-js-api

5:44:49 PM [vite-plugin-svelte] /Users/sand/GitHub/mono/ws/src/lib/svelte/text/Curved_Text.svelte:7:11 Curved_Text has unused export property 'center_ofArc'. If it is for external reference only, please consider using `export const center_ofArc`
4:24:59 PM [vite] hmr update /src/lib/svelte/controls/Primary_Controls.svelte
4:25:52 PM [vite] hmr update /src/lib/svelte/mouse/Glow_Button.svelte
4:26:13 PM [vite] hmr update /src/lib/svelte/mouse/Buttons_Row.svelte
