yarn run v1.22.19
warning package.json: No license field
$ vite

  VITE v6.4.2  ready in 1210 ms

  ➜  Local:   http://localhost:5185/
  ➜  Network: use --host to expose
3:22:52 PM [vite] (client) page reload index.html
caption: mj is now shown in the order of 10 names
5:50:11 PM [vite] (client) page reload src/assets/mj/order.md
caption: mj is now shown in the order of 10 names
5:50:11 PM [vite] (client) page reload src/assets/mj/order.md
caption: mj is now shown in the order of 10 names
5:50:15 PM [vite] (client) page reload src/assets/mj/order.md
caption: mj is now shown in the order of 10 names
5:50:20 PM [vite] (client) page reload src/assets/mj/order.md
caption: mj is now shown in the order of 10 names
5:50:23 PM [vite] (client) page reload src/assets/mj/order.md
caption: mj is now shown in the order of 10 names
5:50:28 PM [vite] (client) page reload src/assets/mj/order.md
caption: mj is now shown in the order of 10 names
5:50:31 PM [vite] (client) page reload src/assets/mj/order.md
caption: mj is now shown in the order of 10 names
5:50:34 PM [vite] (client) page reload src/assets/mj/order.md
caption: mj is now shown in the order of 10 names
5:50:41 PM [vite] (client) page reload src/assets/mj/order.md
caption: mj is now shown in the order of 10 names
5:50:42 PM [vite] (client) page reload src/assets/mj/order.md
caption: mj is now shown in the order of 10 names
5:50:45 PM [vite] (client) page reload src/assets/mj/order.md
caption: mj is now shown in the order of 10 names
5:50:47 PM [vite] (client) page reload src/assets/mj/order.md
caption: mj is now shown in the order of 10 names
5:50:52 PM [vite] (client) page reload src/assets/mj/order.md
caption: threw "57129408-E1F5-48A8-AEF4-87A8F24A84C0_1_105_c.jpeg" out of mj
5:51:35 PM [vite] (client) page reload src/assets/mj/57129408-E1F5-48A8-AEF4-87A8F24A84C0_1_105_c.jpeg
caption: threw "22D36673-6323-4014-904D-3231AE39EB11_1_105_c.jpeg" out of mj
5:51:49 PM [vite] (client) page reload src/assets/mj/22D36673-6323-4014-904D-3231AE39EB11_1_105_c.jpeg
caption: wrote "our 2026 planting.jpeg" into mj — "our 2026 planting"
7:46:13 PM [vite] (client) page reload src/assets/mj/our 2026 planting.jpeg
caption: mj is now shown in the order of 9 names
7:46:20 PM [vite] (client) page reload src/assets/mj/order.md
caption: threw "IMG_0381.jpeg" out of mj
7:46:34 PM [vite] (client) page reload src/assets/mj/IMG_0381.jpeg
7:49:36 PM [vite] (client) page reload src/assets/mj/our 2026 planting.jpeg
caption: wrote "uv on a flower top.jpeg" into mj — "f"
9:01:49 PM [vite] (client) page reload src/assets/mj/uv on a flower top.jpeg
caption: "uv on a flower top.jpeg" in mj now reads "chlorophyll fluoresces red under UV"
9:02:03 PM [vite] (client) page reload src/assets/mj/uv on a flower top.jpeg
caption: threw "66C45835-8328-4442-ABC4-A010AE780338_1_105_c.jpeg" out of mj
9:02:10 PM [vite] (client) page reload src/assets/mj/66C45835-8328-4442-ABC4-A010AE780338_1_105_c.jpeg
10:34:58 PM [vite] (client) hmr update /@fs/Users/sand/GitHub/mono/gallery/src/css/Gallery.css
10:47:41 PM [vite] (client) page reload src/assets/mj/uv on a flower top.jpeg
10:49:54 PM [vite] (client) page reload src/assets/mj/uv on a flower top.jpeg
10:49:54 PM [vite] (client) page reload src/assets/mj/uv on a flower top.jpeg
11:14:50 PM [vite] (client) hmr update /@fs/Users/sand/GitHub/mono/gallery/src/lib/svelte/Gallery.svelte
11:14:57 PM [vite] (client) hmr update /@fs/Users/sand/GitHub/mono/gallery/src/lib/svelte/Gallery.svelte
11:15:03 PM [vite] (client) hmr update /src/lib/svelte/Operation.svelte, /src/lib/svelte/Operation.svelte?svelte&type=style&lang.css
11:19:19 PM [vite] (client) hmr update /src/lib/svelte/Controls.svelte
11:19:23 PM [vite] (client) hmr update /src/lib/svelte/App.svelte
11:19:25 PM [vite] (client) hmr update /src/lib/svelte/App.svelte
11:19:33 PM [vite] (client) hmr update /src/lib/svelte/Operation.svelte, /src/lib/svelte/Operation.svelte?svelte&type=style&lang.css
11:43:08 PM [vite] (client) hmr update /src/lib/svelte/Operation.svelte
11:43:13 PM [vite] (client) hmr update /src/lib/svelte/Operation.svelte
12:23:55 AM [vite] (client) hmr update /src/lib/svelte/App.svelte
1:11:30 AM [vite] (client) hmr update /src/lib/svelte/App.svelte
1:13:03 AM [vite] (client) hmr update /src/lib/svelte/App.svelte
1:13:08 AM [vite] (client) hmr update /src/lib/svelte/App.svelte
1:19:20 AM [vite] (client) hmr update /src/lib/svelte/App.svelte
1:20:19 AM [vite] (client) hmr update /src/lib/svelte/App.svelte
2:59:52 AM [vite] (client) hmr update /@fs/Users/sand/GitHub/mono/gallery/src/css/Gallery.css
2:59:55 AM [vite] (client) hmr update /@fs/Users/sand/GitHub/mono/gallery/src/lib/svelte/Gallery.svelte
12:47:33 PM [vite] changed tsconfig file detected: /Users/sand/GitHub/mono/gallery/tsconfig.json - Clearing cache and forcing full-reload to ensure TypeScript is compiled with updated config values.
12:47:41 PM [vite] (client) page reload /Users/sand/GitHub/mono/gallery/src/lib/ts/common/Customizations.ts
12:57:35 PM [vite] changed tsconfig file detected: /Users/sand/GitHub/mono/mj/tsconfig.json - Clearing cache and forcing full-reload to ensure TypeScript is compiled with updated config values.
12:57:38 PM [vite] vite.config.ts changed, restarting server...
12:57:38 PM [vite] (client) Re-optimizing dependencies because vite config has changed
12:57:38 PM [vite] server restarted.
12:58:04 PM [vite] (client) hmr update /src/lib/svelte/App.svelte, /src/lib/svelte/App.svelte?svelte&type=style&lang.css
12:58:06 PM [vite] (client) hmr update /src/lib/svelte/Controls.svelte, /src/lib/svelte/Controls.svelte?svelte&type=style&lang.css
12:58:06 PM [vite] (client) hmr update /src/lib/svelte/Details.svelte, /src/lib/svelte/Details.svelte?svelte&type=style&lang.css
12:58:06 PM [vite] (client) hmr update /src/lib/svelte/Operation.svelte, /src/lib/svelte/Operation.svelte?svelte&type=style&lang.css
1:08:25 PM [vite] (client) hmr update /@fs/Users/sand/GitHub/mono/panel/src/lib/svelte/main/Panel.svelte
1:08:27 PM [vite] (client) hmr update /@fs/Users/sand/GitHub/mono/panel/src/lib/svelte/main/Panel.svelte
1:08:33 PM [vite] (client) hmr update /@fs/Users/sand/GitHub/mono/panel/src/lib/svelte/main/Controls.svelte
1:17:15 PM [vite] (client) page reload /Users/sand/GitHub/mono/gallery/src/lib/ts/common/Core.ts
1:17:32 PM [vite] (client) hmr update /@fs/Users/sand/GitHub/mono/gallery/src/lib/svelte/Gallery.svelte
1:17:39 PM [vite] (client) hmr update /@fs/Users/sand/GitHub/mono/gallery/src/lib/svelte/Gallery.svelte
1:24:30 PM [vite] (client) Pre-transform error: /Users/sand/GitHub/mono/gallery/src/lib/svelte/Gallery.svelte:391:76 Can only bind to state or props
https://svelte.dev/e/bind_invalid_value
  Plugin: vite-plugin-svelte
  File: /Users/sand/GitHub/mono/gallery/src/lib/svelte/Gallery.svelte:391:76
   389 |      </button>
   390 |    {/if}
   391 |    <p class='gallery-caption' bind:this={caption_element} bind:clientHeight={caption_height}>{caption}</p>
                                                                                                    ^
   392 |  {:else}
   393 |    <p class='gallery-caption'>no photos in "{folder}"</p>
1:24:30 PM [vite] Internal server error: /Users/sand/GitHub/mono/gallery/src/lib/svelte/Gallery.svelte:391:76 Can only bind to state or props
https://svelte.dev/e/bind_invalid_value
  Plugin: vite-plugin-svelte
  File: /Users/sand/GitHub/mono/gallery/src/lib/svelte/Gallery.svelte:391:76
   389 |      </button>
   390 |    {/if}
   391 |    <p class='gallery-caption' bind:this={caption_element} bind:clientHeight={caption_height}>{caption}</p>
                                                                                                    ^
   392 |  {:else}
   393 |    <p class='gallery-caption'>no photos in "{folder}"</p>
1:24:32 PM [vite] (client) hmr update /@fs/Users/sand/GitHub/mono/gallery/src/lib/svelte/Gallery.svelte
1:28:30 PM [vite] (client) hmr update /@fs/Users/sand/GitHub/mono/gallery/src/css/Gallery.css
1:31:41 PM [vite] (client) hmr update /@fs/Users/sand/GitHub/mono/gallery/src/lib/svelte/Gallery.svelte
1:31:43 PM [vite] (client) hmr update /@fs/Users/sand/GitHub/mono/gallery/src/lib/svelte/Gallery.svelte
5:52:43 PM [vite] ../tools/hub/ports.json changed, restarting server...
5:52:44 PM [vite] server restarted.
